// Jest Snapshot v1, https://goo.gl/fbAQLP

exports[`PaymentSummary snapshot renders correctly 1`] = `
<form
  onSubmit={[Function]}
>
  <h1 />
  <h2>
    Your booking summary
  </h2>
  <p>
    Your booking to take the 
    Private Hire
     taxi driver knowledge test is at 
    8:45am
     on 
    Tuesday 2 April
    .
  </p>
  <p>
    You'll now be taken to our online system to make the payment.
  </p>
  <p>
    The cost is 
    <strong>
      Â£70
    </strong>
    .
  </p>
  <button
    className="button-primary"
    disabled={false}
    id="continue-to-payment"
    onClick={undefined}
    type="submit"
  >
    Continue to payment
  </button>
  <p>
    <a
      href="#"
      onClick={[Function]}
    >
      Previous
    </a>
  </p>
</form>
`;
